Unity Editor version:    6000.5.1f1 (0d9463e84828)
Branch:                  6000.5/staging
Build type:              Release
Batch mode:              YES
macOS version:           Version 27.0 (Build 26A5425a)
Darwin version:          27.0.0
Architecture:            arm64
Running under Rosetta:   NO
Available memory:        8192 MB
Date:                    2026-09-04T15:02:53Z
[Licensing::Module] Trying to connect to existing licensing client channel...
[Licensing::IpcConnector] Channel LicenseClient-ashupathak doesn't exist
Launching external process: /Applications/Unity/Hub/Editor/6000.5.1f1/Unity.app/Contents/Helpers/UnityLicensingClient.app/Contents/MacOS/Unity.Licensing.Client
[Licensing::Module] Successfully launched the LicensingClient (PId: 21533)
Launching external process: /Applications/Unity/Hub/Editor/6000.5.1f1/Unity.app/Contents/Helpers/PackageManager/Server/UnityPackageManager

COMMAND LINE ARGUMENTS:
/Applications/Unity/Hub/Editor/6000.5.1f1/Unity.app/Contents/MacOS/Unity
-batchmode
-nographics
-projectPath
/Users/ashupathak/Documents/Sagar/MusicPlayer/UnityGame
-executeMethod
BuildLibrary.BuildAndroidLibrary
-buildTarget
Android
-logFile
/Users/ashupathak/Documents/Sagar/MusicPlayer/UnityGame/Library/BatchMode5.log
-quit
Successfully changed project path to: /Users/ashupathak/Documents/Sagar/MusicPlayer/UnityGame
/Users/ashupathak/Documents/Sagar/MusicPlayer/UnityGame
[UnityMemory] Configuration Parameters - Can be set up in boot.config
    "memorysetup-temp-allocator-size-gi-baking-worker=262144"
    "memorysetup-temp-allocator-size-gi-baking-worker=262144"
    "memorysetup-temp-allocator-size-gi-baking-worker=262144"
    "memorysetup-temp-allocator-size-gi-baking-worker=262144"
    "memorysetup-temp-allocator-size-gi-baking-worker=262144"
    "memorysetup-temp-allocator-size-nav-mesh-worker=65536"
    "memorysetup-temp-allocator-size-audio-worker=65536"
    "memorysetup-temp-allocator-size-cloud-worker=32768"
    "memorysetup-allocator-temp-initial-block-size-main=262144"
    "memorysetup-allocator-temp-initial-block-size-worker=262144"
    "memorysetup-temp-allocator-size-preload-manager=33554432"
    "memorysetup-temp-allocator-size-gfx=262144"
    "memorysetup-temp-allocator-size-background-worker=32768"
    "memorysetup-temp-allocator-size-job-worker=262144"
    "memorysetup-bucket-allocator-granularity=16"
    "memorysetup-bucket-allocator-bucket-count=8"
    "memorysetup-bucket-allocator-block-size=33554432"
    "memorysetup-bucket-allocator-block-count=8"
    "memorysetup-main-allocator-block-size=16777216"
    "memorysetup-thread-allocator-block-size=16777216"
    "memorysetup-main-allocator-mimalloc-enabled=0"
    "memorysetup-gfx-main-allocator-block-size=16777216"
    "memorysetup-gfx-thread-allocator-block-size=16777216"
    "memorysetup-cache-allocator-block-size=4194304"
    "memorysetup-typetree-allocator-block-size=2097152"
    "memorysetup-profiler-bucket-allocator-granularity=16"
    "memorysetup-profiler-bucket-allocator-bucket-count=8"
    "memorysetup-profiler-bucket-allocator-block-size=33554432"
    "memorysetup-profiler-bucket-allocator-block-count=8"
    "memorysetup-profiler-allocator-block-size=16777216"
    "memorysetup-profiler-editor-allocator-block-size=1048576"
    "memorysetup-temp-allocator-size-main=16777216"
    "memorysetup-job-temp-allocator-block-size=2097152"
    "memorysetup-job-temp-allocator-block-size-background=1048576"
    "memorysetup-job-temp-allocator-reduction-small-platforms=262144"
Logging is directed to a specific file, skipping project log.Player connection [8263923008]  Target information:

Player connection [8263923008]  * "[IP] 192.168.29.120 [Port] 55504 [Flags] 2 [Guid] 1861440515 [EditorId] 1861440515 [Version] 1048832 [Id] OSXEditor(0,Ayushs-MacBook-Air.local) [Debug] 1 [PackageName] OSXEditor [ProjectName] Editor" 

Player connection [8263923008] Host joined multi-casting on [225.0.0.222:54997]...
Player connection [8263923008] Host joined alternative multi-casting on [225.0.0.222:34997]...
Input System module state changed to: Initialized.
[Physics::Module] Initialized fallback backend.
[Physics::Module] Id: 0xdecafbad
[Package Manager] Connected to IPC stream "Upm-21532" after 0.2 seconds.
[Licensing::Module] Licensing is not yet initialized.
[Licensing::IpcConnector] Successfully connected to: "LicenseClient-ashupathak" at "2026-09-04T15:02:54.134397Z"
[Licensing::Client] Handshaking with LicensingClient:
  Version:                 1.18.1+9fbee8e
  Session Id:              f210540eace9463b8a49b63f3f9376b5
  Correlation Id:          a0454bc3a030e9bd2091e4d7c8941fd9
  External correlation Id: 923294078659206430
  Machine Id:              dY7DhsOW05PKaz8CA4cGK4/80Bk=
[Licensing::Module] Successfully connected to LicensingClient on channel: "LicenseClient-ashupathak" (connect: 0.38s, validation: 0.04s, handshake: 0.33s)
[Licensing::IpcConnector] Successfully connected to: "LicenseClient-ashupathak-notifications" at "2026-09-04T15:02:54.500432Z"
[Licensing::Module] Connected to LicensingClient (PId: 21533, launch time: 0.00, total connection time: 0.75s)
[Licensing::Module] Error: Access token is unavailable; failed to update
[Licensing::Client] Successfully resolved entitlement details
[Licensing::Module] License group:
  Id: 13469882709303-UnityPersXXXX
  Product: Unity Personal
  Type: Assigned
  Expiration: Unlimited
[Licensing::Client] Successfully updated license, isAsync: True, time: 0.00
[Licensing::Client] Successfully resolved entitlement details
[Licensing::Module] Licensing Background thread has ended after 0.76s
[Licensing::Module] Licensing is initialized (took 0.41s).
[Licensing::Client] Successfully resolved entitlement details
Library Redirect Path: Library/
[Physics::Module] Selected backend.
[Physics::Module] Name: PhysX
[Physics::Module] Id: 0xf2b8ea05
[Physics::Module] SDK Version: 4.1.2
[Physics::Module] Integration Version: 1.0.0
[Physics::Module] Threading Mode: Multi-Threaded
Artifact Garbage Collection - Removed 60 unused hashed content files
Targeting platform: Android
Initialize engine version: 6000.5.1f1 (0d9463e84828)
[Subsystems] Discovering subsystems at path /Applications/Unity/Hub/Editor/6000.5.1f1/Unity.app/Contents/Resources/UnitySubsystems
[Subsystems] Discovering subsystems at path /Users/ashupathak/Documents/Sagar/MusicPlayer/UnityGame/Assets
Forcing GfxDevice: Null
GfxDevice: creating device client; kGfxThreadingModeNonThreaded
NullGfxDevice:
    Version:  NULL 1.0 [1.0]
    Renderer: Null Device
    Vendor:   Unity Technologies
Initialize mono
Mono path[0] = '/Applications/Unity/Hub/Editor/6000.5.1f1/Unity.app/Contents/Resources/Scripting/Managed'
Mono path[1] = '/Applications/Unity/Hub/Editor/6000.5.1f1/Unity.app/Contents/Resources/Scripting/BCLExtensions/runtime/netstandard2.1'
Mono path[2] = '/Applications/Unity/Hub/Editor/6000.5.1f1/Unity.app/Contents/Resources/Scripting/MonoBleedingEdge/lib/mono/unityjit-macos'
Mono config path = '/Applications/Unity/Hub/Editor/6000.5.1f1/Unity.app/Contents/Resources/Scripting/MonoBleedingEdge/etc'
Using monoOptions --debugger-agent=transport=dt_socket,embedding=1,server=y,suspend=n,address=127.0.0.1:56532
CodeReloadManager initialized
ImportWorker Server TCP listen port: 0
AcceleratorClientConnectionCallback - disconnected - :0
Begin MonoManager ReloadAssembly
Registering precompiled unity dll's ...
Register platform support module: /Applications/Unity/Hub/Editor/6000.5.1f1/PlaybackEngines/MacStandaloneSupport/UnityEditor.OSXStandalone.Extensions.dll
Registered in 0.000414 seconds.
Native extension for OSXStandalone target not found
Package Manager log level set to [2]
ScheduleIndexationOnStartup MainProcess:False IndexOnStartup:False
Mono: successfully reloaded assembly
- Finished resetting the current domain, in  0.323 seconds
Domain Reload Profiling: 657ms
	BeginReloadAssembly (70ms)
		CreateAndSetChildDomain (7ms)
	RebuildCommonClasses (4ms)
	RebuildNativeTypeToScriptingClass (14ms)
	initialDomainReloadingComplete (40ms)
	LoadAllAssembliesAndSetupDomain (205ms)
		LoadAssemblies (62ms)
		AnalyzeDomain (157ms)
			TypeCache.Refresh (156ms)
				TypeCache.ScanAssembly (141ms)
	FinalizeReload (324ms)
		SetupLoadedEditorAssemblies (0ms)
			BeforeProcessingInitializeOnLoad (89ms)
			ProcessInitializeOnLoadAttributes (70ms)
			ProcessInitializeOnLoadMethodAttributes (101ms)
[Licensing::Client] Successfully resolved entitlement details
Application.AssetDatabase Initial Refresh Start
[Package Manager] Restoring resolved packages state from cache
[Licensing::Client] Successfully resolved entitlement details
[Package Manager] Registered 39 packages:
  Built-in packages:
    com.unity.textmeshpro@5.0.0 (location: /Users/ashupathak/Documents/Sagar/MusicPlayer/UnityGame/Library/PackageCache/com.unity.textmeshpro@53f43edfd2e0)
    com.unity.multiplayer.center@1.0.1 (location: /Users/ashupathak/Documents/Sagar/MusicPlayer/UnityGame/Library/PackageCache/com.unity.multiplayer.center@b860850997d0)
    com.unity.modules.accessibility@1.0.0 (location: /Users/ashupathak/Documents/Sagar/MusicPlayer/UnityGame/Library/PackageCache/com.unity.modules.accessibility)
    com.unity.modules.adaptiveperformance@1.0.0 (location: /Users/ashupathak/Documents/Sagar/MusicPlayer/UnityGame/Library/PackageCache/com.unity.modules.adaptiveperformance)
    com.unity.modules.ai@1.0.0 (location: /Users/ashupathak/Documents/Sagar/MusicPlayer/UnityGame/Library/PackageCache/com.unity.modules.ai)
    com.unity.modules.androidjni@1.0.0 (location: /Users/ashupathak/Documents/Sagar/MusicPlayer/UnityGame/Library/PackageCache/com.unity.modules.androidjni)
    com.unity.modules.animation@1.0.0 (location: /Users/ashupathak/Documents/Sagar/MusicPlayer/UnityGame/Library/PackageCache/com.unity.modules.animation)
    com.unity.modules.assetbundle@1.0.0 (location: /Users/ashupathak/Documents/Sagar/MusicPlayer/UnityGame/Library/PackageCache/com.unity.modules.assetbundle)
    com.unity.modules.audio@1.0.0 (location: /Users/ashupathak/Documents/Sagar/MusicPlayer/UnityGame/Library/PackageCache/com.unity.modules.audio)
    com.unity.modules.cloth@1.0.0 (location: /Users/ashupathak/Documents/Sagar/MusicPlayer/UnityGame/Library/PackageCache/com.unity.modules.cloth)
    com.unity.modules.director@1.0.0 (location: /Users/ashupathak/Documents/Sagar/MusicPlayer/UnityGame/Library/PackageCache/com.unity.modules.director)
    com.unity.modules.imageconversion@1.0.0 (location: /Users/ashupathak/Documents/Sagar/MusicPlayer/UnityGame/Library/PackageCache/com.unity.modules.imageconversion)
    com.unity.modules.imgui@1.0.0 (location: /Users/ashupathak/Documents/Sagar/MusicPlayer/UnityGame/Library/PackageCache/com.unity.modules.imgui)
    com.unity.modules.jsonserialize@1.0.0 (location: /Users/ashupathak/Documents/Sagar/MusicPlayer/UnityGame/Library/PackageCache/com.unity.modules.jsonserialize)
    com.unity.modules.particlesystem@1.0.0 (location: /Users/ashupathak/Documents/Sagar/MusicPlayer/UnityGame/Library/PackageCache/com.unity.modules.particlesystem)
    com.unity.modules.physics@1.0.0 (location: /Users/ashupathak/Documents/Sagar/MusicPlayer/UnityGame/Library/PackageCache/com.unity.modules.physics)
    com.unity.modules.physics2d@1.0.0 (location: /Users/ashupathak/Documents/Sagar/MusicPlayer/UnityGame/Library/PackageCache/com.unity.modules.physics2d)
    com.unity.modules.physicscore2d@1.0.0 (location: /Users/ashupathak/Documents/Sagar/MusicPlayer/UnityGame/Library/PackageCache/com.unity.modules.physicscore2d)
    com.unity.modules.screencapture@1.0.0 (location: /Users/ashupathak/Documents/Sagar/MusicPlayer/UnityGame/Library/PackageCache/com.unity.modules.screencapture)
    com.unity.modules.terrain@1.0.0 (location: /Users/ashupathak/Documents/Sagar/MusicPlayer/UnityGame/Library/PackageCache/com.unity.modules.terrain)
    com.unity.modules.terrainphysics@1.0.0 (location: /Users/ashupathak/Documents/Sagar/MusicPlayer/UnityGame/Library/PackageCache/com.unity.modules.terrainphysics)
    com.unity.modules.tilemap@1.0.0 (location: /Users/ashupathak/Documents/Sagar/MusicPlayer/UnityGame/Library/PackageCache/com.unity.modules.tilemap)
    com.unity.modules.ui@1.0.0 (location: /Users/ashupathak/Documents/Sagar/MusicPlayer/UnityGame/Library/PackageCache/com.unity.modules.ui)
    com.unity.modules.uielements@1.0.0 (location: /Users/ashupathak/Documents/Sagar/MusicPlayer/UnityGame/Library/PackageCache/com.unity.modules.uielements)
    com.unity.modules.umbra@1.0.0 (location: /Users/ashupathak/Documents/Sagar/MusicPlayer/UnityGame/Library/PackageCache/com.unity.modules.umbra)
    com.unity.modules.unityanalytics@1.0.0 (location: /Users/ashupathak/Documents/Sagar/MusicPlayer/UnityGame/Library/PackageCache/com.unity.modules.unityanalytics)
    com.unity.modules.unitywebrequest@1.0.0 (location: /Users/ashupathak/Documents/Sagar/MusicPlayer/UnityGame/Library/PackageCache/com.unity.modules.unitywebrequest)
    com.unity.modules.unitywebrequestassetbundle@1.0.0 (location: /Users/ashupathak/Documents/Sagar/MusicPlayer/UnityGame/Library/PackageCache/com.unity.modules.unitywebrequestassetbundle)
    com.unity.modules.unitywebrequestaudio@1.0.0 (location: /Users/ashupathak/Documents/Sagar/MusicPlayer/UnityGame/Library/PackageCache/com.unity.modules.unitywebrequestaudio)
    com.unity.modules.unitywebrequesttexture@1.0.0 (location: /Users/ashupathak/Documents/Sagar/MusicPlayer/UnityGame/Library/PackageCache/com.unity.modules.unitywebrequesttexture)
    com.unity.modules.unitywebrequestwww@1.0.0 (location: /Users/ashupathak/Documents/Sagar/MusicPlayer/UnityGame/Library/PackageCache/com.unity.modules.unitywebrequestwww)
    com.unity.modules.vectorgraphics@1.0.0 (location: /Users/ashupathak/Documents/Sagar/MusicPlayer/UnityGame/Library/PackageCache/com.unity.modules.vectorgraphics)
    com.unity.modules.vehicles@1.0.0 (location: /Users/ashupathak/Documents/Sagar/MusicPlayer/UnityGame/Library/PackageCache/com.unity.modules.vehicles)
    com.unity.modules.video@1.0.0 (location: /Users/ashupathak/Documents/Sagar/MusicPlayer/UnityGame/Library/PackageCache/com.unity.modules.video)
    com.unity.modules.wind@1.0.0 (location: /Users/ashupathak/Documents/Sagar/MusicPlayer/UnityGame/Library/PackageCache/com.unity.modules.wind)
    com.unity.modules.xr@1.0.0 (location: /Users/ashupathak/Documents/Sagar/MusicPlayer/UnityGame/Library/PackageCache/com.unity.modules.xr)
    com.unity.modules.subsystems@1.0.0 (location: /Users/ashupathak/Documents/Sagar/MusicPlayer/UnityGame/Library/PackageCache/com.unity.modules.subsystems)
    com.unity.modules.hierarchycore@1.0.0 (location: /Users/ashupathak/Documents/Sagar/MusicPlayer/UnityGame/Library/PackageCache/com.unity.modules.hierarchycore)
    com.unity.ugui@2.5.0 (location: /Users/ashupathak/Documents/Sagar/MusicPlayer/UnityGame/Library/PackageCache/com.unity.ugui@4f9b15fd1386)
[Package Manager] com.unity.textmeshpro is deprecated: This package is no longer supported. TextMeshPro functionalities are now included in the com.unity.ugui package. To continue using them, consider adding it to your project dependencies.
[Subsystems] No new subsystems found in resolved package list.
[Package Manager] Done registering packages in 0.01 seconds
[ScriptCompilation] Requested script compilation because: InitialRefresh: Force Refresh Recompile flag enabled
info: Microsoft.Hosting.Lifetime[14]
      Now listening on: http://unix:/tmp/ilpp.sock-cded7fa5bb4db7f1832630eb487a64dd
info: Microsoft.Hosting.Lifetime[0]
      Application started. Press Ctrl+C to shut down.
info: Microsoft.Hosting.Lifetime[0]
      Hosting environment: Production
info: Microsoft.Hosting.Lifetime[0]
      Content root path: /Users/ashupathak/Documents/Sagar/MusicPlayer/UnityGame
info: Microsoft.AspNetCore.Hosting.Diagnostics[1]
      Request starting HTTP/2 POST http://ilpp/UnityILPP.PostProcessing/Ping - application/grpc -
info: Microsoft.AspNetCore.Routing.EndpointMiddleware[0]
      Executing endpoint 'gRPC - /UnityILPP.PostProcessing/Ping'
info: Microsoft.AspNetCore.Routing.EndpointMiddleware[1]
      Executed endpoint 'gRPC - /UnityILPP.PostProcessing/Ping'
info: Microsoft.AspNetCore.Hosting.Diagnostics[2]
      Request finished HTTP/2 POST http://ilpp/UnityILPP.PostProcessing/Ping - 200 - application/grpc 31.6639ms
Starting: /Applications/Unity/Hub/Editor/6000.5.1f1/Unity.app/Contents/Resources/BuildPipeline/bee_backend --ipc --defer-dag-verification --dagfile="Library/Bee/200b0aE.dag" --continue-on-failure --profile="Library/Bee/backend1.traceevents" ScriptAssemblies
WorkingDir: /Users/ashupathak/Documents/Sagar/MusicPlayer/UnityGame
DisplayProgressbar: Compiling Scripts
ExitCode: 0 Duration: 0s77ms
*** Tundra build success (0.06 seconds), 0 items updated, 240 evaluated
AssetDatabase: script compilation time: 0.687358s
Begin MonoManager ReloadAssembly
Total cache size 85241892
Total cache size after purge 85241892, took 00:00:00.0399610
Script error (TwistEffect): Update() can not take parameters.
Script error (TwistEffect): Update() can not take parameters.
Native extension for OSXStandalone target not found
ScheduleIndexationOnStartup MainProcess:True IndexOnStartup:True
Mono: successfully reloaded assembly
- Finished resetting the current domain, in  0.287 seconds
Domain Reload Profiling: 533ms
	BeginReloadAssembly (126ms)
		DisableScriptedObjects (11ms)
		CreateAndSetChildDomain (38ms)
	RebuildCommonClasses (6ms)
	RebuildNativeTypeToScriptingClass (13ms)
	initialDomainReloadingComplete (25ms)
	LoadAllAssembliesAndSetupDomain (75ms)
		LoadAssemblies (54ms)
		AnalyzeDomain (19ms)
			TypeCache.Refresh (12ms)
				TypeCache.ScanAssembly (6ms)
			BuildScriptInfoCaches (5ms)
	FinalizeReload (289ms)
		SetupLoadedEditorAssemblies (0ms)
			BeforeProcessingInitializeOnLoad (54ms)
			ProcessInitializeOnLoadAttributes (45ms)
			ProcessInitializeOnLoadMethodAttributes (53ms)
		AwakeInstancesAfterBackupRestoration (10ms)
Starting new worker id: 0 with log in /Users/ashupathak/Documents/Sagar/MusicPlayer/UnityGame/Logs/AssetImportWorkerHW0.log

Asset Pipeline Refresh (id=a48d8264f8898453a9d0e999f038e811): Total: 1.384 seconds - Initiated by InitialRefreshV2(ForceSynchronousImport)
	(Values over 0.05ms)
	Summary:
		Imports: total=0 (actual=0, local cache=0, cache server=0)
		Asset DB Process Time: managed=0 ms, native=410 ms
		Asset DB Callback time: managed=14 ms, native=8 ms
		Scripting: domain reloads=1, domain reload time=255 ms, compile time=689 ms, other=6 ms
		Project Asset Count: scripts=204, non-scripts=125
		Asset File Changes: new=0, changed=0, moved=0, deleted=0
		Scan Filter Count: 1
	InvokePackagesCallback: 9.143ms
	ApplyChangesToAssetFolders: 0.192ms
	Scan: 77.940ms
	Collect global state as custom dependencies: 3.588ms
	CategorizeScriptCompilationAssets: 1.083ms
	ProcessAssetsWithTransientArtifactChanges: 7.217ms
	CategorizeAssets: 2.831ms
	CompileScripts: 688.915ms
	ImportOutOfDateAssets: 295.066ms (291.039ms without children)
		UnloadImportedAssets: 0.147ms
		EnsureUptoDateAssetsAreRegisteredWithGuidPM: 0.054ms
		ImportSchedulerStart: 3.824ms
	PostProcessAllAssets: 14.613ms
		MonoPostProcessAllAssets: 14.573ms
			WindowAssetPostprocessingWatcher.OnPostprocessAllAssets 5.424ms
			SyncVS.PostprocessSyncProject 2.753ms
			SpeedTree9Postprocessor.OnPostprocessAllAssets 0.422ms
			ReferencedClipsPostProcessor.OnPostprocessAllAssets 0.191ms
			TerrainToolbarOverlayPostProcessor.OnPostprocessAllAssets 0.109ms
			AssetDatabaseCallbacks.OnPostprocessAllAssets 0.082ms
	UnloadStreamsBegin: 1.019ms
	GenerateScriptTypeHashes: 0.159ms
	GenerateScriptTypeSerializationHashes: 0.353ms
	Untracked: 280.873ms

Application.AssetDatabase Initial Refresh End
Scanning for USB devices : 0.176ms
Initializing Unity extensions:
[MODES] ModeService[none].Initialize
[MODES] ModeService[none].LoadModes
[MODES] Loading mode Default (0) for mode-current-id-UnityGame
Curl error 7: Failed to connect to config.uca.cloud.unity3d.com port 443 after 5 ms: Error
Unloading 4 Unused Serialized files (Serialized files now loaded: 0)
Unloading 447 unused Assets / (Unknown). Loaded Objects now: 1080.
Memory consumption went from 119.9 MB to 121.4 MB.
Total: 7.155917 ms (FindLiveObjects: 0.174708 ms CreateObjectMapping: 0.117500 ms MarkObjects: 6.509417 ms  DeleteObjects: 0.352792 ms)

Curl error 7: Failed to connect to cdp.cloud.unity3d.com port 443 after 2 ms: Error
[BuildLibrary] Starting Android Library build...
UnityEngine.Debug:ExtractStackTraceNoAlloc (byte*,int,string)
UnityEngine.StackTraceUtility:ExtractStackTrace () (at /Users/bokken/build/output/unity/unity/Runtime/Export/Scripting/StackTrace.cs:35)
UnityEngine.DebugLogHandler:Internal_Log (UnityEngine.LogType,UnityEngine.LogOption,string,UnityEngine.Object)
UnityEngine.DebugLogHandler:LogFormat (UnityEngine.LogType,UnityEngine.Object,string,object[])
UnityEngine.Logger:Log (UnityEngine.LogType,object)
UnityEngine.Debug:Log (object)
BuildLibrary:BuildAndroidLibrary () (at Assets/Editor/BuildLibrary.cs:19)

(Filename: Assets/Editor/BuildLibrary.cs Line: 19)

Switching to AndroidPlayer is disabled
AcceleratorClientConnectionCallback - disconnected - :0
Importing 'GUID: 00000000000000004000000000000000 - Path: ProjectSettings/ProjectSettings.asset' with importer (LibraryAssetImporter)
Imported 'GUID: 00000000000000004000000000000000' -> (Import Result ID: 'a6c50f875f81f9186580ec476f4c65c9') in 0.005 seconds [static dependencies only]. Details - ImportResultOutputID=276a810dac73e1f29404d5e5f692e214 DependenciesID=7f1925666696ed5a5622455c1355b65b StaticDependenciesID=3d0ce0974c08620d8a86b7e3b31b6aab 
Asset Pipeline Refresh (id=ad46ec792654041899ec007d0579447f): Total: 0.036 seconds - Initiated by StopAssetImportingV2(NoUpdateAssetOptions)
Error building player because build target was unsupported
Unloading 0 Unused Serialized files (Serialized files now loaded: 0)
Unloading 1 unused Assets / (0.8 KB). Loaded Objects now: 1086.
Memory consumption went from 119.2 MB to 119.2 MB.
Total: 4.736083 ms (FindLiveObjects: 0.038333 ms CreateObjectMapping: 0.024375 ms MarkObjects: 4.645250 ms  DeleteObjects: 0.027000 ms)

Build Finished, Result: Failure.
##utp:{"success":false,"type":"PlayerBuildInfo","version":2,"phase":"Immediate","time":1788534177206,"processId":21532,"steps":[{"description":"Preprocess Player","duration":8}],"duration":8}
Unloading 0 Unused Serialized files (Serialized files now loaded: 0)
Loaded scene 'Temp/__Backupscenes/0.backup'
	Deserialize:            0.284 ms
	Integration:            6.736 ms
	Integration of assets:  0.001 ms
	Thread Wait Time:       0.006 ms
	Total Operation Time:   7.028 ms
Unloading 0 unused Assets / (41.3 KB). Loaded Objects now: 1086.
Memory consumption went from 119.3 MB to 119.3 MB.
Total: 5.638791 ms (FindLiveObjects: 0.038417 ms CreateObjectMapping: 0.025708 ms MarkObjects: 5.566417 ms  DeleteObjects: 0.007916 ms)

[BuildLibrary] Build failed: Unknown
UnityEngine.Debug:ExtractStackTraceNoAlloc (byte*,int,string)
UnityEngine.StackTraceUtility:ExtractStackTrace () (at /Users/bokken/build/output/unity/unity/Runtime/Export/Scripting/StackTrace.cs:35)
UnityEngine.DebugLogHandler:Internal_Log (UnityEngine.LogType,UnityEngine.LogOption,string,UnityEngine.Object)
UnityEngine.DebugLogHandler:LogFormat (UnityEngine.LogType,UnityEngine.Object,string,object[])
UnityEngine.Logger:Log (UnityEngine.LogType,object)
UnityEngine.Debug:LogError (object)
BuildLibrary:BuildAndroidLibrary () (at Assets/Editor/BuildLibrary.cs:67)

(Filename: Assets/Editor/BuildLibrary.cs Line: 67)

  Error building player because build target was unsupported
UnityEngine.Debug:ExtractStackTraceNoAlloc (byte*,int,string)
UnityEngine.StackTraceUtility:ExtractStackTrace () (at /Users/bokken/build/output/unity/unity/Runtime/Export/Scripting/StackTrace.cs:35)
UnityEngine.DebugLogHandler:Internal_Log (UnityEngine.LogType,UnityEngine.LogOption,string,UnityEngine.Object)
UnityEngine.DebugLogHandler:LogFormat (UnityEngine.LogType,UnityEngine.Object,string,object[])
UnityEngine.Logger:Log (UnityEngine.LogType,object)
UnityEngine.Debug:LogError (object)
BuildLibrary:BuildAndroidLibrary () (at Assets/Editor/BuildLibrary.cs:73)

(Filename: Assets/Editor/BuildLibrary.cs Line: 73)

Thread 0x16f987000 may have been prematurely finalized
Batchmode quit successfully invoked - shutting down!
Thread 0x16fa13000 may have been prematurely finalized
Input System module state changed to: ShutdownInProgress.
Input Polling Thread exited.
Input System module state changed to: Shutdown.
[Physics::Module] Cleanup current backend.
[Physics::Module] Id: 0xf2b8ea05
[Licensing::IpcConnector] LicenseClient-ashupathak-notifications channel disconnected successfully.
[Licensing::IpcConnector] LicenseClient-ashupathak channel disconnected successfully.
Thread 0x16c3db000 may have been prematurely finalized
AcceleratorClientConnectionCallback - disconnected - :0
Thread 0x16de5f000 may have been prematurely finalized
info: Microsoft.Hosting.Lifetime[0]
      Application is shutting down...
Cleanup mono
CodeReloadManager destroyed
debugger-agent: Unable to listen on 44
Exiting batchmode successfully now!
[Package Manager] Server process was shutdown
